Вопрос: библиотека
Ответ: Электронные ресурсы доступны на сайте библиотеки. (https://ibc.mirea.ru/)
Время запроса: 2026-03-08 17:53:49.031282+03:00

Вопрос: как закрыть долги
Ответ: График пересдач публикуется в боте ВИКА во Вконтакте. (https://vk.com/it_vika)
Время запроса: 2026-03-08 17:56:57.009138+03:00

Вопрос: общага
Ответ: По вопросам проживания и оплаты обращайся в отдел по работе с общежитиями или на сайте. (https://mirea.ru/about/hostel/)
Время запроса: 2026-03-08 17:59:04.268121+03:00

Вопрос: где находится учебный отдел
Ответ: Приемные часы учебного отдела. Пн-Пт 9:00-17:00, Сб 9:00-14:00. Проспект Вернадского, 78, корпус А, ауд. А-417, 4 этаж
Время запроса: 2026-03-08 18:02:13.729202+03:00

Вопрос: Что делать если потерял пропуск
Ответ: При утере пропуска нужно обратиться в учебный отдел для оформления дубликата. (Проспект Вернадского, 78, корпус А, ауд. А-417, 4 этаж)
Время запроса: 2026-03-08 18:03:17.965485+03:00

Вопрос: где можно поесть
Ответ: На территории университета работает множество буфетов и столовых. Ознакомиться можно здесь -> (https://map.kkmbr.ru/)
Время запроса: 2026-03-08 18:03:33.879529+03:00

Вопрос: где посмотреть расписание
Ответ: Расписание можно найти на mirea.ru в разделе «Студентам»
Время запроса: 2026-03-08 18:05:50.392143+03:00

Вопрос: физкультура
Ответ: Записаться в спортивную секцию можно на кафедре физического воспитания. (https://www.mirea.ru/education/physical-education-and-sport/physical-education/)
Время запроса: 2026-03-08 18:06:32.743339+03:00

Вопрос: активность в мирэа
Ответ: Хочешь в движ? Заглядывай в Студенческий союз, там всегда нужны крутые ребята и волонтёры! (https://sumirea.ru/)
Время запроса: 2026-03-08 18:10:39.197768+03:00

Вопрос: когда даются выплаты по учебе
Ответ: Стипендия обычно приходит 25-го числа каждого месяца на карту МИР.
Время запроса: 2026-03-08 18:11:14.407581+03:00

Вопрос: приф
Ответ: Не знаю, попробуй переформулировать
Время запроса: 2026-03-08 18:11:24.536782+03:00

Вопрос: где достать учебники по нужной дичциплине
Ответ: Электронные ресурсы доступны на сайте библиотеки. (https://ibc.mirea.ru/)
Время запроса: 2026-03-08 18:12:20.781348+03:00

Вопрос: ыфлаыфлаоывфд
Ответ: Не знаю, попробуй переформулировать
Время запроса: 2026-03-08 18:13:10.425824+03:00

Вопрос: вопрос
Ответ: Не знаю, попробуй переформулировать
Время запроса: 2026-03-08 18:16:55.890075+03:00

Вопрос: когда занятия будут как узнать
Ответ: Расписание можно найти на mirea.ru в разделе «Студентам»
Время запроса: 2026-03-08 18:17:51.115537+03:00

